[2026-03-06 14:17:06] === INICIANDO BACKUP COMPLETO 2026-03-06_14-17-06 ===
[2026-03-06 14:17:06] Exportando base de datos...
mysqldump: [Warning] Using a password on the command line interface can be insecure.
[2026-03-06 14:17:07] ✓ Base de datos exportada: db_2026-03-06_14-17-06.sql
[2026-03-06 14:17:10] ✓ Base de datos comprimida
[2026-03-06 14:17:10] Respaldando archivos de sitio kiubole_soccer...
[2026-03-06 14:17:22] ✓ Archivos de Kiubole  respaldados: kiubole_2026-03-06_14-17-06.tar.gz
[2026-03-06 14:17:22] Guardando configuración de Docker...
[2026-03-06 14:17:22] ✓ Configuración guardada
[2026-03-06 14:17:22] Limpiando backups antiguos...
[2026-03-06 14:17:22] ✓ Manifiesto creado
[2026-03-06 14:17:22] === BACKUP COMPLETADO EXITOSAMENTE ===
[2026-03-11 23:03:07] === INICIANDO BACKUP COMPLETO 2026-03-11_23-03-07 ===
[2026-03-11 23:03:07] Exportando base de datos...
mysqldump: [Warning] Using a password on the command line interface can be insecure.
[2026-03-11 23:03:08] ✓ Base de datos exportada: db_2026-03-11_23-03-07.sql
[2026-03-11 23:03:11] ✓ Base de datos comprimida
[2026-03-11 23:03:11] Respaldando archivos de sitio kiubole_soccer...
[2026-03-11 23:03:24] ✓ Archivos de Kiubole  respaldados: kiubole_2026-03-11_23-03-07.tar.gz
[2026-03-11 23:03:24] Guardando configuración de Docker...
[2026-03-11 23:03:24] ✓ Configuración guardada
[2026-03-11 23:03:24] Limpiando backups antiguos...
[2026-03-11 23:03:24] ✓ Manifiesto creado
[2026-03-11 23:03:24] === BACKUP COMPLETADO EXITOSAMENTE ===
[2026-03-17 21:24:06] === INICIANDO BACKUP COMPLETO 2026-03-17_21-24-06 ===
[2026-03-17 21:24:06] Exportando base de datos...
mysqldump: [Warning] Using a password on the command line interface can be insecure.
[2026-03-17 21:24:07] ✓ Base de datos exportada: db_2026-03-17_21-24-06.sql
[2026-03-17 21:24:10] ✓ Base de datos comprimida
[2026-03-17 21:24:10] Respaldando archivos de sitio kiubole_soccer...
[2026-03-17 21:24:23] ✓ Archivos de Kiubole  respaldados: kiubole_2026-03-17_21-24-06.tar.gz
[2026-03-17 21:24:23] Guardando configuración de Docker...
[2026-03-17 21:24:23] ✓ Configuración guardada
[2026-03-17 21:24:23] Limpiando backups antiguos...
[2026-03-17 21:24:23] ✓ Manifiesto creado
[2026-03-17 21:24:23] === BACKUP COMPLETADO EXITOSAMENTE ===
